; "Local pink fox enjoyer creates world's worst scripting language to split face sheets"
; delimited via tabs, tab width is 4 spaces (should already be configured for you thanks to .editorconfig)

; commands:
; BGN	sheet.png
;   opens a face sheet for splitting
; ADD	category	name	destination/path.png	(order)
;   splits the face at the current index and advances the index by 1
;   order is optional
; SKP	(count)
;   advances the index by count
;   count is optional, defaults to 1
;   count must be 1 or higher
; END
;   closes the currently open face sheet

; Melody
BGN	melody faces.png
ADD	Melody	Happy	melody/happy.png	100
ADD	Melody	Neutral	melody/neutral.png	200
ADD	Melody	Neutral, Looking to Side	melody/neutral_side.png	210
ADD	Melody	Sad	melody/sad.png	300
ADD	Melody	Happy, Looking to Side	melody/happy_side.png	110
ADD	Melody	Embarrassed	melody/embarrassed.png	400
ADD	Melody	Smug	melody/smug.png	500
ADD	Melody	Worried	melody/worried.png	600
ADD	Melody	Unamused	melody/unamused.png	700
ADD	Melody	Shocked	melody/shocked.png	800
ADD	Melody	Surprised	melody/surprised.png	900
ADD	Melody	Wistful	melody/oh_you.png	1000
ADD	Melody	Flustered	melody/flustered.png	1100
ADD	Melody	Furious	melody/fuckign_pissed.png	1210
ADD	Melody	Angry	melody/pissed.png	1200
ADD	Melody	Sad, Looking to Side	melody/sad_side.png	310
ADD	Melody	Happy (casual)	melody/happy_casual.png	3000
ADD	Melody	Neutral (casual)	melody/neutral_casual.png	3100
ADD	Melody	Embarrassed (casual)	melody/embarrassed_casual.png	3200
; empty slot
SKP
ADD	Melody	Unamused (casual)	melody/unamused_casual.png	3300
ADD	Melody	Shocked (casual)	melody/shocked_casual.png	3400
ADD	Melody	Shocked, Looking to Side (casual)	melody/shocked_side_casual.png	3410
END

BGN	melody faces 2.png
; Happy but transparent, duplicate of Furious
SKP	2
ADD	Melody	Furious, Tears	melody/fuckign_pissed_tears.png	1220
; empty slot
SKP
ADD	Melody	Screaming, Eyes Closed, Tears	melody/fuckign_screaming_closed_tears.png	1820
ADD	Melody	Screaming	melody/fuckign_screaming.png	1800
ADD	Melody	Crying	melody/fuckign_crying.png	1900
; empty slot
SKP
ADD	Melody	Crying, Eyes Closed	melody/fuckign_crying_closed.png	1910
ADD	Melody	Crying, Screaming	melody/fuckign_crying_screaming.png	1920
ADD	Melody	Crying, Mouth Closed	melody/crying.png	1930
; empty slot
SKP
ADD	Melody	Shocked, Tears	melody/shocked_tears.png	810
ADD	Melody	Screaming, Eyes Closed	melody/fuckign_screaming_closed.png	1810
ADD	Melody	Wistful, Tears	melody/oh_you_tears.png	1100
; empty slot
SKP
ADD	Melody	Confident	melody/confident.png	510
; 3 empty slots!
SKP	3
ADD	Melody	Empowered, Happy	melody/sl_happy.png	9000
ADD	Melody	Empowered, Wistful	melody/sl_oh_you.png	9100
ADD	Melody	Empowered, Fading	melody/sl_dying.png	9200
ADD	Melody	Empowered, Faded	melody/sl_rip.png	9300
END

BGN	melody faces winter.png
ADD	Melody	Happy (winter)	melody/happy_winter.png	4100
ADD	Melody	Neutral (winter)	melody/neutral_winter.png	4200
ADD	Melody	Neutral, Looking to Side (winter)	melody/neutral_side_winter.png	4210
ADD	Melody	Sad (winter)	melody/sad_winter.png	4300
ADD	Melody	Happy, Looking to Side (winter)	melody/happy_side_winter.png	4110
ADD	Melody	Embarrassed (winter)	melody/embarrassed_winter.png	4400
ADD	Melody	Smug (winter)	melody/smug_winter.png	4500
ADD	Melody	Worried (winter)	melody/worried_winter.png	4600
ADD	Melody	Unamused (winter)	melody/unamused_winter.png	4700
ADD	Melody	Shocked (winter)	melody/shocked_winter.png	4800
ADD	Melody	Surprised (winter)	melody/surprised_winter.png	4900
ADD	Melody	Wistful (winter)	melody/oh_you_winter.png	5000
ADD	Melody	Flustered (winter)	melody/flustered_winter.png	5100
ADD	Melody	Furious (winter)	melody/fuckign_pissed_winter.png	5210
ADD	Melody	Angry (winter)	melody/pissed_winter.png	5200
ADD	Melody	Sad, Looking to Side (winter)	melody/sad_side_winter.png	4310
END

; Allison
BGN	allison faces.png
ADD	Allison	Happy	allison/happy.png	100
ADD	Allison	Neutral	allison/neutral.png	200
ADD	Allison	Unamused	allison/unamused.png	300
ADD	Allison	Flustered	allison/flustered.png	400
ADD	Allison	Smug	allison/smug.png	500
ADD	Allison	Worried	allison/worried.png	600
ADD	Allison	Happy (alt)	allison/happy_alt.png	110
ADD	Allison	Happy Tears	allison/happy_tears.png	120
ADD	Allison	Angry	allison/angry.png	700
ADD	Allison	Confident	allison/confident.png	510
ADD	Allison	Shocked	allison/shocked.png	800
ADD	Allison	Empowered, Happy	allison/sl_happy.png	9000
ADD	Allison	Happy, Eyes Closed	allison/happy_closed.png	130
ADD	Allison	Neutral, Eyes Closed	allison/neutral_closed.png	210
ADD	Allison	Confused	allison/what.png	900
ADD	Allison	Empowered, Neutral	allison/sl_neutral.png	9100
ADD	Allison	Surprised	allison/surprised.png	1000
ADD	Allison	Miffed	allison/bruh.png	1100
ADD	Allison	Sad	allison/sad.png	1200
ADD	Allison	Empowered, Fading	allison/sl_dying.png	9200
ADD	Allison	Introspective	allison/thinking.png	1300
ADD	Allison	Introspective, Smiling	allison/thinking_happy.png	1400
ADD	Allison	Neutral (fuzzy signal)	allison/neutral_static.png	205
END

; TODO Claire, Jodie, literally everyone else
